[
  {
    "last_modified": "0001-01-01T00:00:00Z",
    "type": "instance_type",
    "name": "instance_id_1",
    "id": "instance_id_1",
    "source": "/fixtures/config_change.json",
    "config": {
      "InstanceId": "instance_id_1",
      "InstanceType": "instance_type",
      "change": {
        "action": "speak",
        "summary": "speaking right now",
        "unrelated": 123,
        "external_id": "incident_commander",
        "external_type": "incident_commander"
      }
    },
    "changes": [
      {
        "action": "speak",
        "summary": "speaking right now",
        "external_id": "incident_commander",
        "external_type": "incident_commander"
      }
    ]
  }
]
