[{
  "last_modified": "0001-01-01T00:00:00Z",
  "type": "Config",
  "name": "Config1",
  "id": "1",
  "config": {
    "added": "a",
    "id": 1,
    "name": "Config1"
  }
},
{
  "last_modified": "0001-01-01T00:00:00Z",
  "type": "Config",
  "name": "Config2",
  "id": "2",
  "config": {
    "added": "a",
    "id": 2,
    "name": "Config2"
  }
}
]
